------------------------------------------------------------
TimeQuest Timing Analyzer Summary
------------------------------------------------------------

Type  : Slow Model Setup 'clkl'
Slack : -4.085
TNS   : -71.648

Type  : Slow Model Setup 'relojlento:u1|led'
Slack : -0.007
TNS   : -0.007

Type  : Slow Model Hold 'clkl'
Slack : -2.567
TNS   : -2.567

Type  : Slow Model Hold 'relojlento:u1|led'
Slack : 0.499
TNS   : 0.000

Type  : Slow Model Minimum Pulse Width 'clkl'
Slack : -1.941
TNS   : -40.525

Type  : Slow Model Minimum Pulse Width 'relojlento:u1|led'
Slack : -0.742
TNS   : -2.968

Type  : Fast Model Setup 'clkl'
Slack : -0.853
TNS   : -9.451

Type  : Fast Model Setup 'relojlento:u1|led'
Slack : 0.642
TNS   : 0.000

Type  : Fast Model Hold 'clkl'
Slack : -1.370
TNS   : -1.370

Type  : Fast Model Hold 'relojlento:u1|led'
Slack : 0.215
TNS   : 0.000

Type  : Fast Model Minimum Pulse Width 'clkl'
Slack : -1.380
TNS   : -27.380

Type  : Fast Model Minimum Pulse Width 'relojlento:u1|led'
Slack : -0.500
TNS   : -2.000

------------------------------------------------------------
